// Jest Snapshot v1, https://goo.gl/fbAQLP

exports[`AppContent should render 1`] = `
<styled.div>
  <div>
     
     
  </div>
  <styled.div
    key="dispensary"
  >
    <h2>
      <styled.div
        key="Dispensary Storefronts"
      >
        <i
          className="fas fa-cannabis"
        />
        <strong>
           
          Dispensary Storefronts
           
        </strong>
      </styled.div>
    </h2>
    <withRouter(ListingCards)
      fetchListing={[Function]}
      listings={
        Array [
          Object {},
        ]
      }
    />
  </styled.div>
  <styled.div
    key="delivery"
  >
    <h2>
      <styled.div
        key="Delivery Services"
      >
        <i
          className="fas fa-car"
        />
        <strong>
           
          Delivery Services
           
        </strong>
      </styled.div>
    </h2>
    <withRouter(ListingCards)
      fetchListing={[Function]}
      listings={
        Array [
          Object {},
        ]
      }
    />
  </styled.div>
  <styled.div
    key="doctor"
  >
    <h2>
      <styled.div
        key="Doctors"
      >
        <i
          className="fas fa-stethoscope"
        />
        <strong>
           
          Doctors
           
        </strong>
      </styled.div>
    </h2>
    <withRouter(ListingCards)
      fetchListing={[Function]}
      listings={
        Array [
          Object {},
        ]
      }
    />
  </styled.div>
</styled.div>
`;
