// Jest Snapshot v1, https://goo.gl/fbAQLP

exports[`CardDetails should render 1`] = `
<styled.div>
  <styled.div>
    city
     
    <hr
      style={
        Object {
          "margin": "0 5px",
        }
      }
    />
     
    1
    mi
  </styled.div>
  <styled.div>
    name
  </styled.div>
  <StarRating
    rating={1}
  />
</styled.div>
`;
